
> MARSTART LINK@0.1.1 dev
> vite --host localhost


  [32m[1mVITE[22m v5.4.21[39m  [2mready in [0m[1m1167[22m[2m[0m ms[22m

  [32m➜[39m  [1mLocal[22m:   [36mhttp://localhost:[1m5173[22m/[39m
[2m12:01:00[22m [36m[1m[vite][22m[39m [32mhmr update [39m[2m/src/App.tsx[22m
[2m13:56:34[22m [36m[1m[vite][22m[39m [32mhmr update [39m[2m/src/App.tsx[22m
[2m13:57:43[22m [36m[1m[vite][22m[39m [32mhmr update [39m[2m/src/App.tsx[22m
[2m13:58:57[22m [36m[1m[vite][22m[39m [32mhmr update [39m[2m/src/App.tsx[22m
[2m14:00:09[22m [36m[1m[vite][22m[39m [32mhmr update [39m[2m/src/App.tsx[22m
[2m14:01:36[22m [36m[1m[vite][22m[39m [32mhmr update [39m[2m/src/App.tsx[22m
[2m14:03:00[22m [36m[1m[vite][22m[39m [32mhmr update [39m[2m/src/App.tsx[22m
[2m14:07:34[22m [36m[1m[vite][22m[39m [32mhmr update [39m[2m/src/App.tsx[22m
[2m14:09:02[22m [36m[1m[vite][22m[39m [32mhmr update [39m[2m/src/App.tsx[22m
[2m15:20:01[22m [36m[1m[vite][22m[39m [32mhmr update [39m[2m/src/App.tsx[22m
[2m15:20:01[22m [36m[1m[vite][22m[39m [32mhmr update [39m[2m/src/App.css[22m
[2m15:20:01[22m [36m[1m[vite][22m[39m [32mhmr update [39m[2m/src/App.tsx[22m
[2m15:20:01[22m [36m[1m[vite][22m[39m [32mpage reload [39m[2msrc/main.tsx[22m
[2m15:20:02[22m [36m[1m[vite][22m[39m changed tsconfig file detected: C:\Users\User\Desktop\marstart_link\marstart-link-main\tsconfig.json - Clearing cache and forcing full-reload to ensure TypeScript is compiled with updated config values.
[2m15:20:02[22m [36m[1m[vite][22m[39m [32mpage reload [39m[2mindex.html[22m
[2m15:20:02[22m [36m[1m[vite][22m[39m [32mvite.config.ts changed, restarting server...[39m
[2m15:20:03[22m [36m[1m[vite][22m[39m server restarted.
[2m15:20:57[22m [36m[1m[vite][22m[39m [32mpage reload [39m[2mindex.html[22m
